
> @jjlmoya/utils-statistics@1.2.0 test
> vitest run


[1m[46m RUN [49m[22m [36mv4.1.2 [39m[90mD:/code/jjlmoya-utils-statistics[39m

 [32mÔ£ô[39m src/tests/faq_count.test.ts [2m([22m[2m1 test[22m[2m)[22m[32m 5[2mms[22m[39m
 [32mÔ£ô[39m src/tests/no_h1_in_components.test.ts [2m([22m[2m24 tests[22m[2m)[22m[32m 16[2mms[22m[39m
 [31mÔØ»[39m src/tests/title_quality.test.ts [2m([22m[2m120 tests[22m[2m | [22m[31m30 failed[39m[2m)[22m[32m 63[2mms[22m[39m
[31m     [31m├ù[31m Verify that titles in D:\code\jjlmoya-utils-statistics\src\tool\abTest\i18n\de.ts do not contain | or -[39m[32m 7[2mms[22m[39m
     [32mÔ£ô[39m Verify that titles in D:\code\jjlmoya-utils-statistics\src\tool\abTest\i18n\en.ts do not contain | or -[32m 1[2mms[22m[39m
     [32mÔ£ô[39m Verify that titles in D:\code\jjlmoya-utils-statistics\src\tool\abTest\i18n\es.ts do not contain | or -[32m 1[2mms[22m[39m
     [32mÔ£ô[39m Verify that titles in D:\code\jjlmoya-utils-statistics\src\tool\abTest\i18n\fr.ts do not contain | or -[32m 1[2mms[22m[39m
[31m     [31m├ù[31m Verify that titles in D:\code\jjlmoya-utils-statistics\src\tool\abTest\i18n\id.ts do not contain | or -[39m[32m 1[2mms[22m[39m
     [32mÔ£ô[39m Verify that titles in D:\code\jjlmoya-utils-statistics\src\tool\abTest\i18n\it.ts do not contain | or -[32m 1[2mms[22m[39m
     [32mÔ£ô[39m Verify that titles in D:\code\jjlmoya-utils-statistics\src\tool\abTest\i18n\ja.ts do not contain | or -[32m 0[2mms[22m[39m
     [32mÔ£ô[39m Verify that titles in D:\code\jjlmoya-utils-statistics\src\tool\abTest\i18n\ko.ts do not contain | or -[32m 0[2mms[22m[39m
     [32mÔ£ô[39m Verify that titles in D:\code\jjlmoya-utils-statistics\src\tool\abTest\i18n\nl.ts do not contain | or -[32m 1[2mms[22m[39m
     [32mÔ£ô[39m Verify that titles in D:\code\jjlmoya-utils-statistics\src\tool\abTest\i18n\pl.ts do not contain | or -[32m 0[2mms[22m[39m
     [32mÔ£ô[39m Verify that titles in D:\code\jjlmoya-utils-statistics\src\tool\abTest\i18n\pt.ts do not contain | or -[32m 0[2mms[22m[39m
[31m     [31m├ù[31m Verify that titles in D:\code\jjlmoya-utils-statistics\src\tool\abTest\i18n\ru.ts do not contain | or -[39m[32m 1[2mms[22m[39m
[31m     [31m├ù[31m Verify that titles in D:\code\jjlmoya-utils-statistics\src\tool\abTest\i18n\sv.ts do not contain | or -[39m[32m 1[2mms[22m[39m
     [32mÔ£ô[39m Verify that titles in D:\code\jjlmoya-utils-statistics\src\tool\abTest\i18n\tr.ts do not contain | or -[32m 0[2mms[22m[39m
     [32mÔ£ô[39m Verify that titles in D:\code\jjlmoya-utils-statistics\src\tool\abTest\i18n\zh.ts do not contain | or -[32m 0[2mms[22m[39m
[31m     [31m├ù[31m Verify that titles in D:\code\jjlmoya-utils-statistics\src\tool\chiSquare\i18n\de.ts do not contain | or -[39m[32m 1[2mms[22m[39m
     [32mÔ£ô[39m Verify that titles in D:\code\jjlmoya-utils-statistics\src\tool\chiSquare\i18n\en.ts do not contain | or -[32m 0[2mms[22m[39m
     [32mÔ£ô[39m Verify that titles in D:\code\jjlmoya-utils-statistics\src\tool\chiSquare\i18n\es.ts do not contain | or -[32m 0[2mms[22m[39m
     [32mÔ£ô[39m Verify that titles in D:\code\jjlmoya-utils-statistics\src\tool\chiSquare\i18n\fr.ts do not contain | or -[32m 0[2mms[22m[39m
     [32mÔ£ô[39m Verify that titles in D:\code\jjlmoya-utils-statistics\src\tool\chiSquare\i18n\id.ts do not contain | or -[32m 0[2mms[22m[39m
     [32mÔ£ô[39m Verify that titles in D:\code\jjlmoya-utils-statistics\src\tool\chiSquare\i18n\it.ts do not contain | or -[32m 0[2mms[22m[39m
     [32mÔ£ô[39m Verify that titles in D:\code\jjlmoya-utils-statistics\src\tool\chiSquare\i18n\ja.ts do not contain | or -[32m 0[2mms[22m[39m
     [32mÔ£ô[39m Verify that titles in D:\code\jjlmoya-utils-statistics\src\tool\chiSquare\i18n\ko.ts do not contain | or -[32m 0[2mms[22m[39m
[31m     [31m├ù[31m Verify that titles in D:\code\jjlmoya-utils-statistics\src\tool\chiSquare\i18n\nl.ts do not contain | or -[39m[32m 1[2mms[22m[39m
[31m     [31m├ù[31m Verify that titles in D:\code\jjlmoya-utils-statistics\src\tool\chiSquare\i18n\pl.ts do not contain | or -[39m[32m 1[2mms[22m[39m
[31m     [31m├ù[31m Verify that titles in D:\code\jjlmoya-utils-statistics\src\tool\chiSquare\i18n\pt.ts do not contain | or -[39m[32m 1[2mms[22m[39m
[31m     [31m├ù[31m Verify that titles in D:\code\jjlmoya-utils-statistics\src\tool\chiSquare\i18n\ru.ts do not contain | or -[39m[32m 1[2mms[22m[39m
[31m     [31m├ù[31m Verify that titles in D:\code\jjlmoya-utils-statistics\src\tool\chiSquare\i18n\sv.ts do not contain | or -[39m[32m 1[2mms[22m[39m
[31m     [31m├ù[31m Verify that titles in D:\code\jjlmoya-utils-statistics\src\tool\chiSquare\i18n\tr.ts do not contain | or -[39m[32m 1[2mms[22m[39m
     [32mÔ£ô[39m Verify that titles in D:\code\jjlmoya-utils-statistics\src\tool\chiSquare\i18n\zh.ts do not contain | or -[32m 0[2mms[22m[39m
[31m     [31m├ù[31m Verify that titles in D:\code\jjlmoya-utils-statistics\src\tool\confidenceInterval\i18n\de.ts do not contain | or -[39m[32m 1[2mms[22m[39m
     [32mÔ£ô[39m Verify that titles in D:\code\jjlmoya-utils-statistics\src\tool\confidenceInterval\i18n\en.ts do not contain | or -[32m 0[2mms[22m[39m
     [32mÔ£ô[39m Verify that titles in D:\code\jjlmoya-utils-statistics\src\tool\confidenceInterval\i18n\es.ts do not contain | or -[32m 0[2mms[22m[39m
     [32mÔ£ô[39m Verify that titles in D:\code\jjlmoya-utils-statistics\src\tool\confidenceInterval\i18n\fr.ts do not contain | or -[32m 0[2mms[22m[39m
     [32mÔ£ô[39m Verify that titles in D:\code\jjlmoya-utils-statistics\src\tool\confidenceInterval\i18n\id.ts do not contain | or -[32m 0[2mms[22m[39m
     [32mÔ£ô[39m Verify that titles in D:\code\jjlmoya-utils-statistics\src\tool\confidenceInterval\i18n\it.ts do not contain | or -[32m 0[2mms[22m[39m
     [32mÔ£ô[39m Verify that titles in D:\code\jjlmoya-utils-statistics\src\tool\confidenceInterval\i18n\ja.ts do not contain | or -[32m 0[2mms[22m[39m
     [32mÔ£ô[39m Verify that titles in D:\code\jjlmoya-utils-statistics\src\tool\confidenceInterval\i18n\ko.ts do not contain | or -[32m 0[2mms[22m[39m
     [32mÔ£ô[39m Verify that titles in D:\code\jjlmoya-utils-statistics\src\tool\confidenceInterval\i18n\nl.ts do not contain | or -[32m 0[2mms[22m[39m
     [32mÔ£ô[39m Verify that titles in D:\code\jjlmoya-utils-statistics\src\tool\confidenceInterval\i18n\pl.ts do not contain | or -[32m 0[2mms[22m[39m
     [32mÔ£ô[39m Verify that titles in D:\code\jjlmoya-utils-statistics\src\tool\confidenceInterval\i18n\pt.ts do not contain | or -[32m 0[2mms[22m[39m
     [32mÔ£ô[39m Verify that titles in D:\code\jjlmoya-utils-statistics\src\tool\confidenceInterval\i18n\ru.ts do not contain | or -[32m 0[2mms[22m[39m
[31m     [31m├ù[31m Verify that titles in D:\code\jjlmoya-utils-statistics\src\tool\confidenceInterval\i18n\sv.ts do not contain | or -[39m[32m 1[2mms[22m[39m
     [32mÔ£ô[39m Verify that titles in D:\code\jjlmoya-utils-statistics\src\tool\confidenceInterval\i18n\tr.ts do not contain | or -[32m 0[2mms[22m[39m
     [32mÔ£ô[39m Verify that titles in D:\code\jjlmoya-utils-statistics\src\tool\confidenceInterval\i18n\zh.ts do not contain | or -[32m 0[2mms[22m[39m
     [32mÔ£ô[39m Verify that titles in D:\code\jjlmoya-utils-statistics\src\tool\descriptiveStats\i18n\de.ts do not contain | or -[32m 0[2mms[22m[39m
     [32mÔ£ô[39m Verify that titles in D:\code\jjlmoya-utils-statistics\src\tool\descriptiveStats\i18n\en.ts do not contain | or -[32m 0[2mms[22m[39m
     [32mÔ£ô[39m Verify that titles in D:\code\jjlmoya-utils-statistics\src\tool\descriptiveStats\i18n\es.ts do not contain | or -[32m 0[2mms[22m[39m
     [32mÔ£ô[39m Verify that titles in D:\code\jjlmoya-utils-statistics\src\tool\descriptiveStats\i18n\fr.ts do not contain | or -[32m 0[2mms[22m[39m
     [32mÔ£ô[39m Verify that titles in D:\code\jjlmoya-utils-statistics\src\tool\descriptiveStats\i18n\id.ts do not contain | or -[32m 0[2mms[22m[39m
     [32mÔ£ô[39m Verify that titles in D:\code\jjlmoya-utils-statistics\src\tool\descriptiveStats\i18n\it.ts do not contain | or -[32m 0[2mms[22m[39m
     [32mÔ£ô[39m Verify that titles in D:\code\jjlmoya-utils-statistics\src\tool\descriptiveStats\i18n\ja.ts do not contain | or -[32m 0[2mms[22m[39m
     [32mÔ£ô[39m Verify that titles in D:\code\jjlmoya-utils-statistics\src\tool\descriptiveStats\i18n\ko.ts do not contain | or -[32m 0[2mms[22m[39m
     [32mÔ£ô[39m Verify that titles in D:\code\jjlmoya-utils-statistics\src\tool\descriptiveStats\i18n\nl.ts do not contain | or -[32m 2[2mms[22m[39m
     [32mÔ£ô[39m Verify that titles in D:\code\jjlmoya-utils-statistics\src\tool\descriptiveStats\i18n\pl.ts do not contain | or -[32m 1[2mms[22m[39m
     [32mÔ£ô[39m Verify that titles in D:\code\jjlmoya-utils-statistics\src\tool\descriptiveStats\i18n\pt.ts do not contain | or -[32m 1[2mms[22m[39m
     [32mÔ£ô[39m Verify that titles in D:\code\jjlmoya-utils-statistics\src\tool\descriptiveStats\i18n\ru.ts do not contain | or -[32m 0[2mms[22m[39m
     [32mÔ£ô[39m Verify that titles in D:\code\jjlmoya-utils-statistics\src\tool\descriptiveStats\i18n\sv.ts do not contain | or -[32m 0[2mms[22m[39m
     [32mÔ£ô[39m Verify that titles in D:\code\jjlmoya-utils-statistics\src\tool\descriptiveStats\i18n\tr.ts do not contain | or -[32m 0[2mms[22m[39m
     [32mÔ£ô[39m Verify that titles in D:\code\jjlmoya-utils-statistics\src\tool\descriptiveStats\i18n\zh.ts do not contain | or -[32m 0[2mms[22m[39m
[31m     [31m├ù[31m Verify that titles in D:\code\jjlmoya-utils-statistics\src\tool\normalDistribution\i18n\de.ts do not contain | or -[39m[32m 1[2mms[22m[39m
     [32mÔ£ô[39m Verify that titles in D:\code\jjlmoya-utils-statistics\src\tool\normalDistribution\i18n\en.ts do not contain | or -[32m 0[2mms[22m[39m
     [32mÔ£ô[39m Verify that titles in D:\code\jjlmoya-utils-statistics\src\tool\normalDistribution\i18n\es.ts do not contain | or -[32m 0[2mms[22m[39m
     [32mÔ£ô[39m Verify that titles in D:\code\jjlmoya-utils-statistics\src\tool\normalDistribution\i18n\fr.ts do not contain | or -[32m 0[2mms[22m[39m
[31m     [31m├ù[31m Verify that titles in D:\code\jjlmoya-utils-statistics\src\tool\normalDistribution\i18n\id.ts do not contain | or -[39m[32m 0[2mms[22m[39m
[31m     [31m├ù[31m Verify that titles in D:\code\jjlmoya-utils-statistics\src\tool\normalDistribution\i18n\it.ts do not contain | or -[39m[32m 0[2mms[22m[39m
[31m     [31m├ù[31m Verify that titles in D:\code\jjlmoya-utils-statistics\src\tool\normalDistribution\i18n\ja.ts do not contain | or -[39m[32m 1[2mms[22m[39m
[31m     [31m├ù[31m Verify that titles in D:\code\jjlmoya-utils-statistics\src\tool\normalDistribution\i18n\ko.ts do not contain | or -[39m[32m 0[2mms[22m[39m
[31m     [31m├ù[31m Verify that titles in D:\code\jjlmoya-utils-statistics\src\tool\normalDistribution\i18n\nl.ts do not contain | or -[39m[32m 1[2mms[22m[39m
[31m     [31m├ù[31m Verify that titles in D:\code\jjlmoya-utils-statistics\src\tool\normalDistribution\i18n\pl.ts do not contain | or -[39m[32m 0[2mms[22m[39m
[31m     [31m├ù[31m Verify that titles in D:\code\jjlmoya-utils-statistics\src\tool\normalDistribution\i18n\pt.ts do not contain | or -[39m[32m 0[2mms[22m[39m
[31m     [31m├ù[31m Verify that titles in D:\code\jjlmoya-utils-statistics\src\tool\normalDistribution\i18n\ru.ts do not contain | or -[39m[32m 0[2mms[22m[39m
[31m     [31m├ù[31m Verify that titles in D:\code\jjlmoya-utils-statistics\src\tool\normalDistribution\i18n\sv.ts do not contain | or -[39m[32m 0[2mms[22m[39m
[31m     [31m├ù[31m Verify that titles in D:\code\jjlmoya-utils-statistics\src\tool\normalDistribution\i18n\tr.ts do not contain | or -[39m[32m 0[2mms[22m[39m
[31m     [31m├ù[31m Verify that titles in D:\code\jjlmoya-utils-statistics\src\tool\normalDistribution\i18n\zh.ts do not contain | or -[39m[32m 0[2mms[22m[39m
[31m     [31m├ù[31m Verify that titles in D:\code\jjlmoya-utils-statistics\src\tool\pearsonCorrelation\i18n\de.ts do not contain | or -[39m[32m 0[2mms[22m[39m
     [32mÔ£ô[39m Verify that titles in D:\code\jjlmoya-utils-statistics\src\tool\pearsonCorrelation\i18n\en.ts do not contain | or -[32m 0[2mms[22m[39m
     [32mÔ£ô[39m Verify that titles in D:\code\jjlmoya-utils-statistics\src\tool\pearsonCorrelation\i18n\es.ts do not contain | or -[32m 0[2mms[22m[39m
     [32mÔ£ô[39m Verify that titles in D:\code\jjlmoya-utils-statistics\src\tool\pearsonCorrelation\i18n\fr.ts do not contain | or -[32m 0[2mms[22m[39m
     [32mÔ£ô[39m Verify that titles in D:\code\jjlmoya-utils-statistics\src\tool\pearsonCorrelation\i18n\id.ts do not contain | or -[32m 0[2mms[22m[39m
     [32mÔ£ô[39m Verify that titles in D:\code\jjlmoya-utils-statistics\src\tool\pearsonCorrelation\i18n\it.ts do not contain | or -[32m 0[2mms[22m[39m
     [32mÔ£ô[39m Verify that titles in D:\code\jjlmoya-utils-statistics\src\tool\pearsonCorrelation\i18n\ja.ts do not contain | or -[32m 0[2mms[22m[39m
     [32mÔ£ô[39m Verify that titles in D:\code\jjlmoya-utils-statistics\src\tool\pearsonCorrelation\i18n\ko.ts do not contain | or -[32m 0[2mms[22m[39m
[31m     [31m├ù[31m Verify that titles in D:\code\jjlmoya-utils-statistics\src\tool\pearsonCorrelation\i18n\nl.ts do not contain | or -[39m[32m 1[2mms[22m[39m
     [32mÔ£ô[39m Verify that titles in D:\code\jjlmoya-utils-statistics\src\tool\pearsonCorrelation\i18n\pl.ts do not contain | or -[32m 0[2mms[22m[39m
     [32mÔ£ô[39m Verify that titles in D:\code\jjlmoya-utils-statistics\src\tool\pearsonCorrelation\i18n\pt.ts do not contain | or -[32m 0[2mms[22m[39m
     [32mÔ£ô[39m Verify that titles in D:\code\jjlmoya-utils-statistics\src\tool\pearsonCorrelation\i18n\ru.ts do not contain | or -[32m 0[2mms[22m[39m
[31m     [31m├ù[31m Verify that titles in D:\code\jjlmoya-utils-statistics\src\tool\pearsonCorrelation\i18n\sv.ts do not contain | or -[39m[32m 1[2mms[22m[39m
     [32mÔ£ô[39m Verify that titles in D:\code\jjlmoya-utils-statistics\src\tool\pearsonCorrelation\i18n\tr.ts do not contain | or -[32m 0[2mms[22m[39m
     [32mÔ£ô[39m Verify that titles in D:\code\jjlmoya-utils-statistics\src\tool\pearsonCorrelation\i18n\zh.ts do not contain | or -[32m 0[2mms[22m[39m
     [32mÔ£ô[39m Verify that titles in D:\code\jjlmoya-utils-statistics\src\tool\sampleSize\i18n\de.ts do not contain | or -[32m 0[2mms[22m[39m
     [32mÔ£ô[39m Verify that titles in D:\code\jjlmoya-utils-statistics\src\tool\sampleSize\i18n\en.ts do not contain | or -[32m 0[2mms[22m[39m
     [32mÔ£ô[39m Verify that titles in D:\code\jjlmoya-utils-statistics\src\tool\sampleSize\i18n\es.ts do not contain | or -[32m 0[2mms[22m[39m
     [32mÔ£ô[39m Verify that titles in D:\code\jjlmoya-utils-statistics\src\tool\sampleSize\i18n\fr.ts do not contain | or -[32m 0[2mms[22m[39m
     [32mÔ£ô[39m Verify that titles in D:\code\jjlmoya-utils-statistics\src\tool\sampleSize\i18n\id.ts do not contain | or -[32m 0[2mms[22m[39m
     [32mÔ£ô[39m Verify that titles in D:\code\jjlmoya-utils-statistics\src\tool\sampleSize\i18n\it.ts do not contain | or -[32m 0[2mms[22m[39m
     [32mÔ£ô[39m Verify that titles in D:\code\jjlmoya-utils-statistics\src\tool\sampleSize\i18n\ja.ts do not contain | or -[32m 0[2mms[22m[39m
     [32mÔ£ô[39m Verify that titles in D:\code\jjlmoya-utils-statistics\src\tool\sampleSize\i18n\ko.ts do not contain | or -[32m 0[2mms[22m[39m
     [32mÔ£ô[39m Verify that titles in D:\code\jjlmoya-utils-statistics\src\tool\sampleSize\i18n\nl.ts do not contain | or -[32m 0[2mms[22m[39m
     [32mÔ£ô[39m Verify that titles in D:\code\jjlmoya-utils-statistics\src\tool\sampleSize\i18n\pl.ts do not contain | or -[32m 0[2mms[22m[39m
     [32mÔ£ô[39m Verify that titles in D:\code\jjlmoya-utils-statistics\src\tool\sampleSize\i18n\pt.ts do not contain | or -[32m 0[2mms[22m[39m
     [32mÔ£ô[39m Verify that titles in D:\code\jjlmoya-utils-statistics\src\tool\sampleSize\i18n\ru.ts do not contain | or -[32m 0[2mms[22m[39m
     [32mÔ£ô[39m Verify that titles in D:\code\jjlmoya-utils-statistics\src\tool\sampleSize\i18n\sv.ts do not contain | or -[32m 0[2mms[22m[39m
     [32mÔ£ô[39m Verify that titles in D:\code\jjlmoya-utils-statistics\src\tool\sampleSize\i18n\tr.ts do not contain | or -[32m 0[2mms[22m[39m
     [32mÔ£ô[39m Verify that titles in D:\code\jjlmoya-utils-statistics\src\tool\sampleSize\i18n\zh.ts do not contain | or -[32m 0[2mms[22m[39m
[31m     [31m├ù[31m Verify that titles in D:\code\jjlmoya-utils-statistics\src\category\i18n\de.ts do not contain | or -[39m[32m 1[2mms[22m[39m
     [32mÔ£ô[39m Verify that titles in D:\code\jjlmoya-utils-statistics\src\category\i18n\en.ts do not contain | or -[32m 0[2mms[22m[39m
     [32mÔ£ô[39m Verify that titles in D:\code\jjlmoya-utils-statistics\src\category\i18n\es.ts do not contain | or -[32m 0[2mms[22m[39m
     [32mÔ£ô[39m Verify that titles in D:\code\jjlmoya-utils-statistics\src\category\i18n\fr.ts do not contain | or -[32m 0[2mms[22m[39m
     [32mÔ£ô[39m Verify that titles in D:\code\jjlmoya-utils-statistics\src\category\i18n\id.ts do not contain | or -[32m 0[2mms[22m[39m
     [32mÔ£ô[39m Verify that titles in D:\code\jjlmoya-utils-statistics\src\category\i18n\it.ts do not contain | or -[32m 0[2mms[22m[39m
     [32mÔ£ô[39m Verify that titles in D:\code\jjlmoya-utils-statistics\src\category\i18n\ja.ts do not contain | or -[32m 0[2mms[22m[39m
     [32mÔ£ô[39m Verify that titles in D:\code\jjlmoya-utils-statistics\src\category\i18n\ko.ts do not contain | or -[32m 2[2mms[22m[39m
     [32mÔ£ô[39m Verify that titles in D:\code\jjlmoya-utils-statistics\src\category\i18n\nl.ts do not contain | or -[32m 1[2mms[22m[39m
     [32mÔ£ô[39m Verify that titles in D:\code\jjlmoya-utils-statistics\src\category\i18n\pl.ts do not contain | or -[32m 0[2mms[22m[39m
     [32mÔ£ô[39m Verify that titles in D:\code\jjlmoya-utils-statistics\src\category\i18n\pt.ts do not contain | or -[32m 0[2mms[22m[39m
     [32mÔ£ô[39m Verify that titles in D:\code\jjlmoya-utils-statistics\src\category\i18n\ru.ts do not contain | or -[32m 0[2mms[22m[39m
[31m     [31m├ù[31m Verify that titles in D:\code\jjlmoya-utils-statistics\src\category\i18n\sv.ts do not contain | or -[39m[32m 1[2mms[22m[39m
     [32mÔ£ô[39m Verify that titles in D:\code\jjlmoya-utils-statistics\src\category\i18n\tr.ts do not contain | or -[32m 0[2mms[22m[39m
     [32mÔ£ô[39m Verify that titles in D:\code\jjlmoya-utils-statistics\src\category\i18n\zh.ts do not contain | or -[32m 0[2mms[22m[39m
 [31mÔØ»[39m src/tests/seo_length.test.ts [2m([22m[2m0 test[22m[2m)[22m
 [32mÔ£ô[39m src/tests/tool_validation.test.ts [2m([22m[2m2 tests[22m[2m)[22m[32m 5[2mms[22m[39m
 [32mÔ£ô[39m src/tests/i18n_coverage.test.ts [2m([22m[2m15 tests[22m[2m)[22m[32m 20[2mms[22m[39m
 [31mÔØ»[39m src/tests/slug_uniqueness.test.ts [2m([22m[2m7 tests[22m[2m | [22m[31m7 failed[39m[2m)[22m[33m 1961[2mms[22m[39m
[31m       [31m├ù[31m every locale should have a unique, translated slug[39m[32m 282[2mms[22m[39m
[31m       [31m├ù[31m every locale should have a unique, translated slug[39m[32m 280[2mms[22m[39m
[31m       [31m├ù[31m every locale should have a unique, translated slug[39m[32m 276[2mms[22m[39m
[31m       [31m├ù[31m every locale should have a unique, translated slug[39m[32m 277[2mms[22m[39m
[31m       [31m├ù[31m every locale should have a unique, translated slug[39m[32m 279[2mms[22m[39m
[31m       [31m├ù[31m every locale should have a unique, translated slug[39m[32m 293[2mms[22m[39m
[31m       [31m├ù[31m every locale should have a unique, translated slug[39m[32m 269[2mms[22m[39m
 [32mÔ£ô[39m src/tests/schemas_fulfillment.test.ts [2m([22m[2m105 tests[22m[2m)[22m[33m 2026[2mms[22m[39m
 [32mÔ£ô[39m src/tests/locale_completeness.test.ts [2m([22m[2m211 tests[22m[2m)[22m[33m 2015[2mms[22m[39m
node.exe : 
En línea: 1 Carácter: 1
+ & "C:\nvm4w\nodejs/node.exe" "C:\Users\34677\AppData\Roaming\npm/node ...
+ ~~~~~~~~~~~~~~~~~~~~~~~~~~~~~~~~~~~~~~~~~~~~~~~~~~~~~~~~~~~~~~~~~~~~~
    + CategoryInfo          : NotSpecified: (:String) [], RemoteException
    + FullyQualifiedErrorId : NativeCommandError
 
[31mÔÄ»ÔÄ»ÔÄ»ÔÄ»ÔÄ»ÔÄ»[39m[1m[41m Failed Suites 1 [49m[22m[31mÔÄ»ÔÄ»ÔÄ»ÔÄ»ÔÄ»ÔÄ»ÔÄ»[39m

[41m[1m FAIL [22m[49m src/tests/seo_length.test.ts[2m [ src/tests/seo_length.test.ts ][22m
[31m[1mTypeError[22m: Cannot read properties of undefined (reading 'i18n')[39m
[36m [2mÔØ»[22m src/tests/seo_length.test.ts:[2m5:63[22m[39m
    [90m  3|[39m
    [90m  4|[39m [35mconst[39m [33mENTRIES[39m [33m=[39m [
    [90m  5|[39m   { id[33m:[39m [32m'audiovisualCategory'[39m[33m,[39m i18n[33m:[39m 
[33mDATA[39m[33m.[39maudiovisualCategory[33m.[39mi18n }[33m,[39m
    [90m   |[39m                                                               [31m^[39m
    [90m  6|[39m ][33m;[39m
    [90m  7|[39m

[31m[2mÔÄ»ÔÄ»ÔÄ»ÔÄ»ÔÄ»ÔÄ»ÔÄ»ÔÄ»ÔÄ»ÔÄ»ÔÄ»ÔÄ»ÔÄ»ÔÄ»ÔÄ»ÔÄ»ÔÄ»ÔÄ»ÔÄ»ÔÄ»ÔÄ»ÔÄ»ÔÄ»[1/38]ÔÄ»[22m[39m


[31mÔÄ»ÔÄ»ÔÄ»ÔÄ»ÔÄ»ÔÄ»[39m[1m[41m Failed Tests 37 [49m[22m[31mÔÄ»ÔÄ»ÔÄ»ÔÄ»ÔÄ»ÔÄ»ÔÄ»[39m

[41m[1m FAIL [22m[49m src/tests/slug_uniqueness.test.ts[2m > [22mSlug Localization and Uniqueness Validation[2m 
> [22mTool: chi-square[2m > [22mevery locale should have a unique, translated slug
[31m[1mAssertionError[22m: Tool "chi-square" locale "ja" must use the same slug as "en" 
("chi-square-independence-calculator").: expected 'chi-nijo-dokuritsusei-kentei-calculatÔÇª' to be 
'chi-square-independence-calculator' // Object.is equality[39m

Expected: [32m"chi-[7msquare-independence[27m-calculator"[39m
Received: [31m"chi-[7mnijo-dokuritsusei-kentei[27m-calculator"[39m

[36m [2mÔØ»[22m validateLocaleSlug src/tests/slug_uniqueness.test.ts:[2m35:7[22m[39m
    [90m 33|[39m       content[33m.[39mslug[33m,[39m
    [90m 34|[39m       `Tool "${toolId}" locale "${locale}" must use the same slug as "ÔÇª
    [90m 35|[39m     )[33m.[39m[34mtoBe[39m(enSlug)[33m;[39m
    [90m   |[39m       [31m^[39m
    [90m 36|[39m   } [35melse[39m {
    [90m 37|[39m     [34mexpect[39m(
[90m [2mÔØ»[22m src/tests/slug_uniqueness.test.ts:[2m70:11[22m[39m

[31m[2mÔÄ»ÔÄ»ÔÄ»ÔÄ»ÔÄ»ÔÄ»ÔÄ»ÔÄ»ÔÄ»ÔÄ»ÔÄ»ÔÄ»ÔÄ»ÔÄ»ÔÄ»ÔÄ»ÔÄ»ÔÄ»ÔÄ»ÔÄ»ÔÄ»ÔÄ»ÔÄ»[2/38]ÔÄ»[22m[39m

[41m[1m FAIL [22m[49m src/tests/slug_uniqueness.test.ts[2m > [22mSlug Localization and Uniqueness Validation[2m 
> [22mTool: ab-test[2m > [22mevery locale should have a unique, translated slug
[31m[1mAssertionError[22m: Tool "ab-test" locale "ja" must use the same slug as "en" 
("ab-test-hypothesis-calculator").: expected 'ab-test-kasetsu-kentei-calculator' to be 'ab-test-hypothesis-calculator' 
// Object.is equality[39m

Expected: [32m"ab-test-[7mhypothesis[27m-calculator"[39m
Received: [31m"ab-test-[7mkasetsu-kentei[27m-calculator"[39m

[36m [2mÔØ»[22m validateLocaleSlug src/tests/slug_uniqueness.test.ts:[2m35:7[22m[39m
    [90m 33|[39m       content[33m.[39mslug[33m,[39m
    [90m 34|[39m       `Tool "${toolId}" locale "${locale}" must use the same slug as "ÔÇª
    [90m 35|[39m     )[33m.[39m[34mtoBe[39m(enSlug)[33m;[39m
    [90m   |[39m       [31m^[39m
    [90m 36|[39m   } [35melse[39m {
    [90m 37|[39m     [34mexpect[39m(
[90m [2mÔØ»[22m src/tests/slug_uniqueness.test.ts:[2m70:11[22m[39m

[31m[2mÔÄ»ÔÄ»ÔÄ»ÔÄ»ÔÄ»ÔÄ»ÔÄ»ÔÄ»ÔÄ»ÔÄ»ÔÄ»ÔÄ»ÔÄ»ÔÄ»ÔÄ»ÔÄ»ÔÄ»ÔÄ»ÔÄ»ÔÄ»ÔÄ»ÔÄ»ÔÄ»[3/38]ÔÄ»[22m[39m

[41m[1m FAIL [22m[49m src/tests/slug_uniqueness.test.ts[2m > [22mSlug Localization and Uniqueness Validation[2m 
> [22mTool: sample-size[2m > [22mevery locale should have a unique, translated slug
[31m[1mAssertionError[22m: Tool "sample-size" locale "ko" must use the same slug as "en" 
("sample-size-calculator").: expected 'pyobon-keugi-gyesangi' to be 'sample-size-calculator' // Object.is equality[39m

Expected: [32m"sample-size-calculator"[39m
Received: [31m"pyobon-keugi-gyesangi"[39m

[36m [2mÔØ»[22m validateLocaleSlug src/tests/slug_uniqueness.test.ts:[2m35:7[22m[39m
    [90m 33|[39m       content[33m.[39mslug[33m,[39m
    [90m 34|[39m       `Tool "${toolId}" locale "${locale}" must use the same slug as "ÔÇª
    [90m 35|[39m     )[33m.[39m[34mtoBe[39m(enSlug)[33m;[39m
    [90m   |[39m       [31m^[39m
    [90m 36|[39m   } [35melse[39m {
    [90m 37|[39m     [34mexpect[39m(
[90m [2mÔØ»[22m src/tests/slug_uniqueness.test.ts:[2m70:11[22m[39m

[31m[2mÔÄ»ÔÄ»ÔÄ»ÔÄ»ÔÄ»ÔÄ»ÔÄ»ÔÄ»ÔÄ»ÔÄ»ÔÄ»ÔÄ»ÔÄ»ÔÄ»ÔÄ»ÔÄ»ÔÄ»ÔÄ»ÔÄ»ÔÄ»ÔÄ»ÔÄ»ÔÄ»[4/38]ÔÄ»[22m[39m

[41m[1m FAIL [22m[49m src/tests/slug_uniqueness.test.ts[2m > [22mSlug Localization and Uniqueness Validation[2m 
> [22mTool: pearson-correlation[2m > [22mevery locale should have a unique, translated slug
[31m[1mAssertionError[22m: Tool "pearson-correlation" locale "ko" must use the same slug as "en" 
("pearson-correlation-calculator").: expected 'pearson-sanggwan-gyesangi' to be 'pearson-correlation-calculator' // 
Object.is equality[39m

Expected: [32m"pearson-[7mcorrelation-calculator[27m"[39m
Received: [31m"pearson-[7msanggwan-gyesangi[27m"[39m

[36m [2mÔØ»[22m validateLocaleSlug src/tests/slug_uniqueness.test.ts:[2m35:7[22m[39m
    [90m 33|[39m       content[33m.[39mslug[33m,[39m
    [90m 34|[39m       `Tool "${toolId}" locale "${locale}" must use the same slug as "ÔÇª
    [90m 35|[39m     )[33m.[39m[34mtoBe[39m(enSlug)[33m;[39m
    [90m   |[39m       [31m^[39m
    [90m 36|[39m   } [35melse[39m {
    [90m 37|[39m     [34mexpect[39m(
[90m [2mÔØ»[22m src/tests/slug_uniqueness.test.ts:[2m70:11[22m[39m

[31m[2mÔÄ»ÔÄ»ÔÄ»ÔÄ»ÔÄ»ÔÄ»ÔÄ»ÔÄ»ÔÄ»ÔÄ»ÔÄ»ÔÄ»ÔÄ»ÔÄ»ÔÄ»ÔÄ»ÔÄ»ÔÄ»ÔÄ»ÔÄ»ÔÄ»ÔÄ»ÔÄ»[5/38]ÔÄ»[22m[39m

[41m[1m FAIL [22m[49m src/tests/slug_uniqueness.test.ts[2m > [22mSlug Localization and Uniqueness Validation[2m 
> [22mTool: descriptive-stats[2m > [22mevery locale should have a unique, translated slug
[31m[1mAssertionError[22m: Tool "descriptive-stats" locale "ko" must use the same slug as "en" 
("descriptive-statistics-calculator").: expected 'kisul-tonggye-gyesangi' to be 'descriptive-statistics-calculator' // 
Object.is equality[39m

Expected: [32m"descriptive-statistics-calculator"[39m
Received: [31m"kisul-tonggye-gyesangi"[39m

[36m [2mÔØ»[22m validateLocaleSlug src/tests/slug_uniqueness.test.ts:[2m35:7[22m[39m
    [90m 33|[39m       content[33m.[39mslug[33m,[39m
    [90m 34|[39m       `Tool "${toolId}" locale "${locale}" must use the same slug as "ÔÇª
    [90m 35|[39m     )[33m.[39m[34mtoBe[39m(enSlug)[33m;[39m
    [90m   |[39m       [31m^[39m
    [90m 36|[39m   } [35melse[39m {
    [90m 37|[39m     [34mexpect[39m(
[90m [2mÔØ»[22m src/tests/slug_uniqueness.test.ts:[2m70:11[22m[39m

[31m[2mÔÄ»ÔÄ»ÔÄ»ÔÄ»ÔÄ»ÔÄ»ÔÄ»ÔÄ»ÔÄ»ÔÄ»ÔÄ»ÔÄ»ÔÄ»ÔÄ»ÔÄ»ÔÄ»ÔÄ»ÔÄ»ÔÄ»ÔÄ»ÔÄ»ÔÄ»ÔÄ»[6/38]ÔÄ»[22m[39m

[41m[1m FAIL [22m[49m src/tests/slug_uniqueness.test.ts[2m > [22mSlug Localization and Uniqueness Validation[2m 
> [22mTool: normal-distribution[2m > [22mevery locale should have a unique, translated slug
[31m[1mAssertionError[22m: Tool "normal-distribution" locale "ko" must use the same slug as "en" 
("normal-distribution-calculator").: expected 'jongyu-bunpo-gyesangi' to be 'normal-distribution-calculator' // 
Object.is equality[39m

Expected: [32m"normal-distribution-calculator"[39m
Received: [31m"jongyu-bunpo-gyesangi"[39m

[36m [2mÔØ»[22m validateLocaleSlug src/tests/slug_uniqueness.test.ts:[2m35:7[22m[39m
    [90m 33|[39m       content[33m.[39mslug[33m,[39m
    [90m 34|[39m       `Tool "${toolId}" locale "${locale}" must use the same slug as "ÔÇª
    [90m 35|[39m     )[33m.[39m[34mtoBe[39m(enSlug)[33m;[39m
    [90m   |[39m       [31m^[39m
    [90m 36|[39m   } [35melse[39m {
    [90m 37|[39m     [34mexpect[39m(
[90m [2mÔØ»[22m src/tests/slug_uniqueness.test.ts:[2m70:11[22m[39m

[31m[2mÔÄ»ÔÄ»ÔÄ»ÔÄ»ÔÄ»ÔÄ»ÔÄ»ÔÄ»ÔÄ»ÔÄ»ÔÄ»ÔÄ»ÔÄ»ÔÄ»ÔÄ»ÔÄ»ÔÄ»ÔÄ»ÔÄ»ÔÄ»ÔÄ»ÔÄ»ÔÄ»[7/38]ÔÄ»[22m[39m

[41m[1m FAIL [22m[49m src/tests/slug_uniqueness.test.ts[2m > [22mSlug Localization and Uniqueness Validation[2m 
> [22mTool: confidence-interval[2m > [22mevery locale should have a unique, translated slug
[31m[1mAssertionError[22m: Tool "confidence-interval" locale "ko" must use the same slug as "en" 
("confidence-interval-calculator").: expected 'sinroe-gugan-gyesangi' to be 'confidence-interval-calculator' // 
Object.is equality[39m

Expected: [32m"confidence-interval-calculator"[39m
Received: [31m"sinroe-gugan-gyesangi"[39m

[36m [2mÔØ»[22m validateLocaleSlug src/tests/slug_uniqueness.test.ts:[2m35:7[22m[39m
    [90m 33|[39m       content[33m.[39mslug[33m,[39m
    [90m 34|[39m       `Tool "${toolId}" locale "${locale}" must use the same slug as "ÔÇª
    [90m 35|[39m     )[33m.[39m[34mtoBe[39m(enSlug)[33m;[39m
    [90m   |[39m       [31m^[39m
    [90m 36|[39m   } [35melse[39m {
    [90m 37|[39m     [34mexpect[39m(
[90m [2mÔØ»[22m src/tests/slug_uniqueness.test.ts:[2m70:11[22m[39m

[31m[2mÔÄ»ÔÄ»ÔÄ»ÔÄ»ÔÄ»ÔÄ»ÔÄ»ÔÄ»ÔÄ»ÔÄ»ÔÄ»ÔÄ»ÔÄ»ÔÄ»ÔÄ»ÔÄ»ÔÄ»ÔÄ»ÔÄ»ÔÄ»ÔÄ»ÔÄ»ÔÄ»[8/38]ÔÄ»[22m[39m

[41m[1m FAIL [22m[49m src/tests/title_quality.test.ts[2m > [22mProject Titles - Separator Validation[2m > 
[22mVerify that titles in D:\code\jjlmoya-utils-statistics\src\tool\abTest\i18n\de.ts do not contain | or -
[31m[1mError[22m: Forbidden separators (| or -) found in titles in src\tool\abTest\i18n\de.ts:
  - "A/B-Test Hypothesentest Rechner Online"[39m
[36m [2mÔØ»[22m src/tests/title_quality.test.ts:[2m52:13[22m[39m
    [90m 50|[39m     [35mif[39m (findings[33m.[39mlength [33m>[39m [34m0[39m) {
    [90m 51|[39m       [35mconst[39m list [33m=[39m findings[33m.[39m[34mmap[39m((f) [33m=>[39m [32m`  - 
"[39m[36m${[39mf[36m}[39m[32m"`[39m)[33m.[39m[34mjoin[39m([32m'\n'[39m)[33m;[39m
    [90m 52|[39m       throw new Error(`Forbidden separators (| or -) found in titles iÔÇª
    [90m   |[39m             [31m^[39m
    [90m 53|[39m     }
    [90m 54|[39m   })[33m;[39m

[31m[2mÔÄ»ÔÄ»ÔÄ»ÔÄ»ÔÄ»ÔÄ»ÔÄ»ÔÄ»ÔÄ»ÔÄ»ÔÄ»ÔÄ»ÔÄ»ÔÄ»ÔÄ»ÔÄ»ÔÄ»ÔÄ»ÔÄ»ÔÄ»ÔÄ»ÔÄ»ÔÄ»[9/38]ÔÄ»[22m[39m

[41m[1m FAIL [22m[49m src/tests/title_quality.test.ts[2m > [22mProject Titles - Separator Validation[2m > 
[22mVerify that titles in D:\code\jjlmoya-utils-statistics\src\tool\abTest\i18n\id.ts do not contain | or -
[31m[1mError[22m: Forbidden separators (| or -) found in titles in src\tool\abTest\i18n\id.ts:
  - "Uji Rata-rata Kontinu"[39m
[36m [2mÔØ»[22m src/tests/title_quality.test.ts:[2m52:13[22m[39m
    [90m 50|[39m     [35mif[39m (findings[33m.[39mlength [33m>[39m [34m0[39m) {
    [90m 51|[39m       [35mconst[39m list [33m=[39m findings[33m.[39m[34mmap[39m((f) [33m=>[39m [32m`  - 
"[39m[36m${[39mf[36m}[39m[32m"`[39m)[33m.[39m[34mjoin[39m([32m'\n'[39m)[33m;[39m
    [90m 52|[39m       throw new Error(`Forbidden separators (| or -) found in titles iÔÇª
    [90m   |[39m             [31m^[39m
    [90m 53|[39m     }
    [90m 54|[39m   })[33m;[39m

[31m[2mÔÄ»ÔÄ»ÔÄ»ÔÄ»ÔÄ»ÔÄ»ÔÄ»ÔÄ»ÔÄ»ÔÄ»ÔÄ»ÔÄ»ÔÄ»ÔÄ»ÔÄ»ÔÄ»ÔÄ»ÔÄ»ÔÄ»ÔÄ»ÔÄ»ÔÄ»[10/38]ÔÄ»[22m[39m

[41m[1m FAIL [22m[49m src/tests/title_quality.test.ts[2m > [22mProject Titles - Separator Validation[2m > 
[22mVerify that titles in D:\code\jjlmoya-utils-statistics\src\tool\abTest\i18n\ru.ts do not contain | or -
[31m[1mError[22m: Forbidden separators (| or -) found in titles in src\tool\abTest\i18n\ru.ts:
  - "ð×ð¢ð╗ð░ð╣ð¢ ð║ð░ð╗Ðîð║Ðâð╗ÐÅÐéð¥ÐÇ ð┐ÐÇð¥ð▓ðÁÐÇð║ð© ð│ð©ð┐ð¥ÐéðÁðÀ A/B-ÐéðÁÐüÐéð░"[39m
[36m [2mÔØ»[22m src/tests/title_quality.test.ts:[2m52:13[22m[39m
    [90m 50|[39m     [35mif[39m (findings[33m.[39mlength [33m>[39m [34m0[39m) {
    [90m 51|[39m       [35mconst[39m list [33m=[39m findings[33m.[39m[34mmap[39m((f) [33m=>[39m [32m`  - 
"[39m[36m${[39mf[36m}[39m[32m"`[39m)[33m.[39m[34mjoin[39m([32m'\n'[39m)[33m;[39m
    [90m 52|[39m       throw new Error(`Forbidden separators (| or -) found in titles iÔÇª
    [90m   |[39m             [31m^[39m
    [90m 53|[39m     }
    [90m 54|[39m   })[33m;[39m

[31m[2mÔÄ»ÔÄ»ÔÄ»ÔÄ»ÔÄ»ÔÄ»ÔÄ»ÔÄ»ÔÄ»ÔÄ»ÔÄ»ÔÄ»ÔÄ»ÔÄ»ÔÄ»ÔÄ»ÔÄ»ÔÄ»ÔÄ»ÔÄ»ÔÄ»ÔÄ»[11/38]ÔÄ»[22m[39m

[41m[1m FAIL [22m[49m src/tests/title_quality.test.ts[2m > [22mProject Titles - Separator Validation[2m > 
[22mVerify that titles in D:\code\jjlmoya-utils-statistics\src\tool\abTest\i18n\sv.ts do not contain | or -
[31m[1mError[22m: Forbidden separators (| or -) found in titles in src\tool\abTest\i18n\sv.ts:
  - "A/B-test Kalkylator f├Âr hypotestest online"[39m
[36m [2mÔØ»[22m src/tests/title_quality.test.ts:[2m52:13[22m[39m
    [90m 50|[39m     [35mif[39m (findings[33m.[39mlength [33m>[39m [34m0[39m) {
    [90m 51|[39m       [35mconst[39m list [33m=[39m findings[33m.[39m[34mmap[39m((f) [33m=>[39m [32m`  - 
"[39m[36m${[39mf[36m}[39m[32m"`[39m)[33m.[39m[34mjoin[39m([32m'\n'[39m)[33m;[39m
    [90m 52|[39m       throw new Error(`Forbidden separators (| or -) found in titles iÔÇª
    [90m   |[39m             [31m^[39m
    [90m 53|[39m     }
    [90m 54|[39m   })[33m;[39m

[31m[2mÔÄ»ÔÄ»ÔÄ»ÔÄ»ÔÄ»ÔÄ»ÔÄ»ÔÄ»ÔÄ»ÔÄ»ÔÄ»ÔÄ»ÔÄ»ÔÄ»ÔÄ»ÔÄ»ÔÄ»ÔÄ»ÔÄ»ÔÄ»ÔÄ»ÔÄ»[12/38]ÔÄ»[22m[39m

[41m[1m FAIL [22m[49m src/tests/title_quality.test.ts[2m > [22mProject Titles - Separator Validation[2m > 
[22mVerify that titles in D:\code\jjlmoya-utils-statistics\src\tool\chiSquare\i18n\de.ts do not contain | or -
[31m[1mError[22m: Forbidden separators (| or -) found in titles in src\tool\chiSquare\i18n\de.ts:
  - "Chi-Quadrat-Unabh├ñngigkeitstest Rechner Online"[39m
[36m [2mÔØ»[22m src/tests/title_quality.test.ts:[2m52:13[22m[39m
    [90m 50|[39m     [35mif[39m (findings[33m.[39mlength [33m>[39m [34m0[39m) {
    [90m 51|[39m       [35mconst[39m list [33m=[39m findings[33m.[39m[34mmap[39m((f) [33m=>[39m [32m`  - 
"[39m[36m${[39mf[36m}[39m[32m"`[39m)[33m.[39m[34mjoin[39m([32m'\n'[39m)[33m;[39m
    [90m 52|[39m       throw new Error(`Forbidden separators (| or -) found in titles iÔÇª
    [90m   |[39m             [31m^[39m
    [90m 53|[39m     }
    [90m 54|[39m   })[33m;[39m

[31m[2mÔÄ»ÔÄ»ÔÄ»ÔÄ»ÔÄ»ÔÄ»ÔÄ»ÔÄ»ÔÄ»ÔÄ»ÔÄ»ÔÄ»ÔÄ»ÔÄ»ÔÄ»ÔÄ»ÔÄ»ÔÄ»ÔÄ»ÔÄ»ÔÄ»ÔÄ»[13/38]ÔÄ»[22m[39m

[41m[1m FAIL [22m[49m src/tests/title_quality.test.ts[2m > [22mProject Titles - Separator Validation[2m > 
[22mVerify that titles in D:\code\jjlmoya-utils-statistics\src\tool\chiSquare\i18n\nl.ts do not contain | or -
[31m[1mError[22m: Forbidden separators (| or -) found in titles in src\tool\chiSquare\i18n\nl.ts:
  - "Chi-kwadraat onafhankelijkheidstoets online calculator"[39m
[36m [2mÔØ»[22m src/tests/title_quality.test.ts:[2m52:13[22m[39m
    [90m 50|[39m     [35mif[39m (findings[33m.[39mlength [33m>[39m [34m0[39m) {
    [90m 51|[39m       [35mconst[39m list [33m=[39m findings[33m.[39m[34mmap[39m((f) [33m=>[39m [32m`  - 
"[39m[36m${[39mf[36m}[39m[32m"`[39m)[33m.[39m[34mjoin[39m([32m'\n'[39m)[33m;[39m
    [90m 52|[39m       throw new Error(`Forbidden separators (| or -) found in titles iÔÇª
    [90m   |[39m             [31m^[39m
    [90m 53|[39m     }
    [90m 54|[39m   })[33m;[39m

[31m[2mÔÄ»ÔÄ»ÔÄ»ÔÄ»ÔÄ»ÔÄ»ÔÄ»ÔÄ»ÔÄ»ÔÄ»ÔÄ»ÔÄ»ÔÄ»ÔÄ»ÔÄ»ÔÄ»ÔÄ»ÔÄ»ÔÄ»ÔÄ»ÔÄ»ÔÄ»[14/38]ÔÄ»[22m[39m

[41m[1m FAIL [22m[49m src/tests/title_quality.test.ts[2m > [22mProject Titles - Separator Validation[2m > 
[22mVerify that titles in D:\code\jjlmoya-utils-statistics\src\tool\chiSquare\i18n\pl.ts do not contain | or -
[31m[1mError[22m: Forbidden separators (| or -) found in titles in src\tool\chiSquare\i18n\pl.ts:
  - "Kalkulator testu niezale┼╝no┼øci chi-kwadrat online"[39m
[36m [2mÔØ»[22m src/tests/title_quality.test.ts:[2m52:13[22m[39m
    [90m 50|[39m     [35mif[39m (findings[33m.[39mlength [33m>[39m [34m0[39m) {
    [90m 51|[39m       [35mconst[39m list [33m=[39m findings[33m.[39m[34mmap[39m((f) [33m=>[39m [32m`  - 
"[39m[36m${[39mf[36m}[39m[32m"`[39m)[33m.[39m[34mjoin[39m([32m'\n'[39m)[33m;[39m
    [90m 52|[39m       throw new Error(`Forbidden separators (| or -) found in titles iÔÇª
    [90m   |[39m             [31m^[39m
    [90m 53|[39m     }
    [90m 54|[39m   })[33m;[39m

[31m[2mÔÄ»ÔÄ»ÔÄ»ÔÄ»ÔÄ»ÔÄ»ÔÄ»ÔÄ»ÔÄ»ÔÄ»ÔÄ»ÔÄ»ÔÄ»ÔÄ»ÔÄ»ÔÄ»ÔÄ»ÔÄ»ÔÄ»ÔÄ»ÔÄ»ÔÄ»[15/38]ÔÄ»[22m[39m

[41m[1m FAIL [22m[49m src/tests/title_quality.test.ts[2m > [22mProject Titles - Separator Validation[2m > 
[22mVerify that titles in D:\code\jjlmoya-utils-statistics\src\tool\chiSquare\i18n\pt.ts do not contain | or -
[31m[1mError[22m: Forbidden separators (| or -) found in titles in src\tool\chiSquare\i18n\pt.ts:
  - "Calculadora de Teste de Independ├¬ncia Qui-Quadrado Online"[39m
[36m [2mÔØ»[22m src/tests/title_quality.test.ts:[2m52:13[22m[39m
    [90m 50|[39m     [35mif[39m (findings[33m.[39mlength [33m>[39m [34m0[39m) {
    [90m 51|[39m       [35mconst[39m list [33m=[39m findings[33m.[39m[34mmap[39m((f) [33m=>[39m [32m`  - 
"[39m[36m${[39mf[36m}[39m[32m"`[39m)[33m.[39m[34mjoin[39m([32m'\n'[39m)[33m;[39m
    [90m 52|[39m       throw new Error(`Forbidden separators (| or -) found in titles iÔÇª
    [90m   |[39m             [31m^[39m
    [90m 53|[39m     }
    [90m 54|[39m   })[33m;[39m

[31m[2mÔÄ»ÔÄ»ÔÄ»ÔÄ»ÔÄ»ÔÄ»ÔÄ»ÔÄ»ÔÄ»ÔÄ»ÔÄ»ÔÄ»ÔÄ»ÔÄ»ÔÄ»ÔÄ»ÔÄ»ÔÄ»ÔÄ»ÔÄ»ÔÄ»ÔÄ»[16/38]ÔÄ»[22m[39m

[41m[1m FAIL [22m[49m src/tests/title_quality.test.ts[2m > [22mProject Titles - Separator Validation[2m > 
[22mVerify that titles in D:\code\jjlmoya-utils-statistics\src\tool\chiSquare\i18n\ru.ts do not contain | or -
[31m[1mError[22m: Forbidden separators (| or -) found in titles in src\tool\chiSquare\i18n\ru.ts:
  - "ð×ð¢ð╗ð░ð╣ð¢ ð║ð░ð╗Ðîð║Ðâð╗ÐÅÐéð¥ÐÇ ÐéðÁÐüÐéð░ ð¢ðÁðÀð░ð▓ð©Ðüð©ð╝ð¥ÐüÐéð© ðÑð©-ð║ð▓ð░ð┤ÐÇð░Ðé"[39m
[36m [2mÔØ»[22m src/tests/title_quality.test.ts:[2m52:13[22m[39m
    [90m 50|[39m     [35mif[39m (findings[33m.[39mlength [33m>[39m [34m0[39m) {
    [90m 51|[39m       [35mconst[39m list [33m=[39m findings[33m.[39m[34mmap[39m((f) [33m=>[39m [32m`  - 
"[39m[36m${[39mf[36m}[39m[32m"`[39m)[33m.[39m[34mjoin[39m([32m'\n'[39m)[33m;[39m
    [90m 52|[39m       throw new Error(`Forbidden separators (| or -) found in titles iÔÇª
    [90m   |[39m             [31m^[39m
    [90m 53|[39m     }
    [90m 54|[39m   })[33m;[39m

[31m[2mÔÄ»ÔÄ»ÔÄ»ÔÄ»ÔÄ»ÔÄ»ÔÄ»ÔÄ»ÔÄ»ÔÄ»ÔÄ»ÔÄ»ÔÄ»ÔÄ»ÔÄ»ÔÄ»ÔÄ»ÔÄ»ÔÄ»ÔÄ»ÔÄ»ÔÄ»[17/38]ÔÄ»[22m[39m

[41m[1m FAIL [22m[49m src/tests/title_quality.test.ts[2m > [22mProject Titles - Separator Validation[2m > 
[22mVerify that titles in D:\code\jjlmoya-utils-statistics\src\tool\chiSquare\i18n\sv.ts do not contain | or -
[31m[1mError[22m: Forbidden separators (| or -) found in titles in src\tool\chiSquare\i18n\sv.ts:
  - "Chi-tv├Ñ-test f├Âr oberoende online kalkylator"[39m
[36m [2mÔØ»[22m src/tests/title_quality.test.ts:[2m52:13[22m[39m
    [90m 50|[39m     [35mif[39m (findings[33m.[39mlength [33m>[39m [34m0[39m) {
    [90m 51|[39m       [35mconst[39m list [33m=[39m findings[33m.[39m[34mmap[39m((f) [33m=>[39m [32m`  - 
"[39m[36m${[39mf[36m}[39m[32m"`[39m)[33m.[39m[34mjoin[39m([32m'\n'[39m)[33m;[39m
    [90m 52|[39m       throw new Error(`Forbidden separators (| or -) found in titles iÔÇª
    [90m   |[39m             [31m^[39m
    [90m 53|[39m     }
    [90m 54|[39m   })[33m;[39m

[31m[2mÔÄ»ÔÄ»ÔÄ»ÔÄ»ÔÄ»ÔÄ»ÔÄ»ÔÄ»ÔÄ»ÔÄ»ÔÄ»ÔÄ»ÔÄ»ÔÄ»ÔÄ»ÔÄ»ÔÄ»ÔÄ»ÔÄ»ÔÄ»ÔÄ»ÔÄ»[18/38]ÔÄ»[22m[39m

[41m[1m FAIL [22m[49m src/tests/title_quality.test.ts[2m > [22mProject Titles - Separator Validation[2m > 
[22mVerify that titles in D:\code\jjlmoya-utils-statistics\src\tool\chiSquare\i18n\tr.ts do not contain | or -
[31m[1mError[22m: Forbidden separators (| or -) found in titles in src\tool\chiSquare\i18n\tr.ts:
  - "Online Ki-Kare Ba─ƒ─▒ms─▒zl─▒k Testi Hesaplama Arac─▒"[39m
[36m [2mÔØ»[22m src/tests/title_quality.test.ts:[2m52:13[22m[39m
    [90m 50|[39m     [35mif[39m (findings[33m.[39mlength [33m>[39m [34m0[39m) {
    [90m 51|[39m       [35mconst[39m list [33m=[39m findings[33m.[39m[34mmap[39m((f) [33m=>[39m [32m`  - 
"[39m[36m${[39mf[36m}[39m[32m"`[39m)[33m.[39m[34mjoin[39m([32m'\n'[39m)[33m;[39m
    [90m 52|[39m       throw new Error(`Forbidden separators (| or -) found in titles iÔÇª
    [90m   |[39m             [31m^[39m
    [90m 53|[39m     }
    [90m 54|[39m   })[33m;[39m

[31m[2mÔÄ»ÔÄ»ÔÄ»ÔÄ»ÔÄ»ÔÄ»ÔÄ»ÔÄ»ÔÄ»ÔÄ»ÔÄ»ÔÄ»ÔÄ»ÔÄ»ÔÄ»ÔÄ»ÔÄ»ÔÄ»ÔÄ»ÔÄ»ÔÄ»ÔÄ»[19/38]ÔÄ»[22m[39m

[41m[1m FAIL [22m[49m src/tests/title_quality.test.ts[2m > [22mProject Titles - Separator Validation[2m > 
[22mVerify that titles in D:\code\jjlmoya-utils-statistics\src\tool\confidenceInterval\i18n\de.ts do not contain | or 
-
[31m[1mError[22m: Forbidden separators (| or -) found in titles in src\tool\confidenceInterval\i18n\de.ts:
  - "Konfidenzintervall-Rechner Online"[39m
[36m [2mÔØ»[22m src/tests/title_quality.test.ts:[2m52:13[22m[39m
    [90m 50|[39m     [35mif[39m (findings[33m.[39mlength [33m>[39m [34m0[39m) {
    [90m 51|[39m       [35mconst[39m list [33m=[39m findings[33m.[39m[34mmap[39m((f) [33m=>[39m [32m`  - 
"[39m[36m${[39mf[36m}[39m[32m"`[39m)[33m.[39m[34mjoin[39m([32m'\n'[39m)[33m;[39m
    [90m 52|[39m       throw new Error(`Forbidden separators (| or -) found in titles iÔÇª
    [90m   |[39m             [31m^[39m
    [90m 53|[39m     }
    [90m 54|[39m   })[33m;[39m

[31m[2mÔÄ»ÔÄ»ÔÄ»ÔÄ»ÔÄ»ÔÄ»ÔÄ»ÔÄ»ÔÄ»ÔÄ»ÔÄ»ÔÄ»ÔÄ»ÔÄ»ÔÄ»ÔÄ»ÔÄ»ÔÄ»ÔÄ»ÔÄ»ÔÄ»ÔÄ»[20/38]ÔÄ»[22m[39m

[41m[1m FAIL [22m[49m src/tests/title_quality.test.ts[2m > [22mProject Titles - Separator Validation[2m > 
[22mVerify that titles in D:\code\jjlmoya-utils-statistics\src\tool\confidenceInterval\i18n\sv.ts do not contain | or 
-
[31m[1mError[22m: Forbidden separators (| or -) found in titles in src\tool\confidenceInterval\i18n\sv.ts:
  - "Konfidensintervall-kalkylator online"[39m
[36m [2mÔØ»[22m src/tests/title_quality.test.ts:[2m52:13[22m[39m
    [90m 50|[39m     [35mif[39m (findings[33m.[39mlength [33m>[39m [34m0[39m) {
    [90m 51|[39m       [35mconst[39m list [33m=[39m findings[33m.[39m[34mmap[39m((f) [33m=>[39m [32m`  - 
"[39m[36m${[39mf[36m}[39m[32m"`[39m)[33m.[39m[34mjoin[39m([32m'\n'[39m)[33m;[39m
    [90m 52|[39m       throw new Error(`Forbidden separators (| or -) found in titles iÔÇª
    [90m   |[39m             [31m^[39m
    [90m 53|[39m     }
    [90m 54|[39m   })[33m;[39m

[31m[2mÔÄ»ÔÄ»ÔÄ»ÔÄ»ÔÄ»ÔÄ»ÔÄ»ÔÄ»ÔÄ»ÔÄ»ÔÄ»ÔÄ»ÔÄ»ÔÄ»ÔÄ»ÔÄ»ÔÄ»ÔÄ»ÔÄ»ÔÄ»ÔÄ»ÔÄ»[21/38]ÔÄ»[22m[39m

[41m[1m FAIL [22m[49m src/tests/title_quality.test.ts[2m > [22mProject Titles - Separator Validation[2m > 
[22mVerify that titles in D:\code\jjlmoya-utils-statistics\src\tool\normalDistribution\i18n\de.ts do not contain | or 
-
[31m[1mError[22m: Forbidden separators (| or -) found in titles in src\tool\normalDistribution\i18n\de.ts:
  - "Die empirische 68-95-99,7-Regel"[39m
[36m [2mÔØ»[22m src/tests/title_quality.test.ts:[2m52:13[22m[39m
    [90m 50|[39m     [35mif[39m (findings[33m.[39mlength [33m>[39m [34m0[39m) {
    [90m 51|[39m       [35mconst[39m list [33m=[39m findings[33m.[39m[34mmap[39m((f) [33m=>[39m [32m`  - 
"[39m[36m${[39mf[36m}[39m[32m"`[39m)[33m.[39m[34mjoin[39m([32m'\n'[39m)[33m;[39m
    [90m 52|[39m       throw new Error(`Forbidden separators (| or -) found in titles iÔÇª
    [90m   |[39m             [31m^[39m
    [90m 53|[39m     }
    [90m 54|[39m   })[33m;[39m

[31m[2mÔÄ»ÔÄ»ÔÄ»ÔÄ»ÔÄ»ÔÄ»ÔÄ»ÔÄ»ÔÄ»ÔÄ»ÔÄ»ÔÄ»ÔÄ»ÔÄ»ÔÄ»ÔÄ»ÔÄ»ÔÄ»ÔÄ»ÔÄ»ÔÄ»ÔÄ»[22/38]ÔÄ»[22m[39m

[41m[1m FAIL [22m[49m src/tests/title_quality.test.ts[2m > [22mProject Titles - Separator Validation[2m > 
[22mVerify that titles in D:\code\jjlmoya-utils-statistics\src\tool\normalDistribution\i18n\id.ts do not contain | or 
-
[31m[1mError[22m: Forbidden separators (| or -) found in titles in src\tool\normalDistribution\i18n\id.ts:
  - "Aturan Empiris 68-95-99,7"[39m
[36m [2mÔØ»[22m src/tests/title_quality.test.ts:[2m52:13[22m[39m
    [90m 50|[39m     [35mif[39m (findings[33m.[39mlength [33m>[39m [34m0[39m) {
    [90m 51|[39m       [35mconst[39m list [33m=[39m findings[33m.[39m[34mmap[39m((f) [33m=>[39m [32m`  - 
"[39m[36m${[39mf[36m}[39m[32m"`[39m)[33m.[39m[34mjoin[39m([32m'\n'[39m)[33m;[39m
    [90m 52|[39m       throw new Error(`Forbidden separators (| or -) found in titles iÔÇª
    [90m   |[39m             [31m^[39m
    [90m 53|[39m     }
    [90m 54|[39m   })[33m;[39m

[31m[2mÔÄ»ÔÄ»ÔÄ»ÔÄ»ÔÄ»ÔÄ»ÔÄ»ÔÄ»ÔÄ»ÔÄ»ÔÄ»ÔÄ»ÔÄ»ÔÄ»ÔÄ»ÔÄ»ÔÄ»ÔÄ»ÔÄ»ÔÄ»ÔÄ»ÔÄ»[23/38]ÔÄ»[22m[39m

[41m[1m FAIL [22m[49m src/tests/title_quality.test.ts[2m > [22mProject Titles - Separator Validation[2m > 
[22mVerify that titles in D:\code\jjlmoya-utils-statistics\src\tool\normalDistribution\i18n\it.ts do not contain | or 
-
[31m[1mError[22m: Forbidden separators (| or -) found in titles in src\tool\normalDistribution\i18n\it.ts:
  - "La regola empirica 68-95-99,7"[39m
[36m [2mÔØ»[22m src/tests/title_quality.test.ts:[2m52:13[22m[39m
    [90m 50|[39m     [35mif[39m (findings[33m.[39mlength [33m>[39m [34m0[39m) {
    [90m 51|[39m       [35mconst[39m list [33m=[39m findings[33m.[39m[34mmap[39m((f) [33m=>[39m [32m`  - 
"[39m[36m${[39mf[36m}[39m[32m"`[39m)[33m.[39m[34mjoin[39m([32m'\n'[39m)[33m;[39m
    [90m 52|[39m       throw new Error(`Forbidden separators (| or -) found in titles iÔÇª
    [90m   |[39m             [31m^[39m
    [90m 53|[39m     }
    [90m 54|[39m   })[33m;[39m

[31m[2mÔÄ»ÔÄ»ÔÄ»ÔÄ»ÔÄ»ÔÄ»ÔÄ»ÔÄ»ÔÄ»ÔÄ»ÔÄ»ÔÄ»ÔÄ»ÔÄ»ÔÄ»ÔÄ»ÔÄ»ÔÄ»ÔÄ»ÔÄ»ÔÄ»ÔÄ»[24/38]ÔÄ»[22m[39m

[41m[1m FAIL [22m[49m src/tests/title_quality.test.ts[2m > [22mProject Titles - Separator Validation[2m > 
[22mVerify that titles in D:\code\jjlmoya-utils-statistics\src\tool\normalDistribution\i18n\ja.ts do not contain | or 
-
[31m[1mError[22m: Forbidden separators (| or -) found in titles in src\tool\normalDistribution\i18n\ja.ts:
  - "68-95-99.7Òü«þÁîÚ¿ôÕëç"[39m
[36m [2mÔØ»[22m src/tests/title_quality.test.ts:[2m52:13[22m[39m
    [90m 50|[39m     [35mif[39m (findings[33m.[39mlength [33m>[39m [34m0[39m) {
    [90m 51|[39m       [35mconst[39m list [33m=[39m findings[33m.[39m[34mmap[39m((f) [33m=>[39m [32m`  - 
"[39m[36m${[39mf[36m}[39m[32m"`[39m)[33m.[39m[34mjoin[39m([32m'\n'[39m)[33m;[39m
    [90m 52|[39m       throw new Error(`Forbidden separators (| or -) found in titles iÔÇª
    [90m   |[39m             [31m^[39m
    [90m 53|[39m     }
    [90m 54|[39m   })[33m;[39m

[31m[2mÔÄ»ÔÄ»ÔÄ»ÔÄ»ÔÄ»ÔÄ»ÔÄ»ÔÄ»ÔÄ»ÔÄ»ÔÄ»ÔÄ»ÔÄ»ÔÄ»ÔÄ»ÔÄ»ÔÄ»ÔÄ»ÔÄ»ÔÄ»ÔÄ»ÔÄ»[25/38]ÔÄ»[22m[39m

[41m[1m FAIL [22m[49m src/tests/title_quality.test.ts[2m > [22mProject Titles - Separator Validation[2m > 
[22mVerify that titles in D:\code\jjlmoya-utils-statistics\src\tool\normalDistribution\i18n\ko.ts do not contain | or 
-
[31m[1mError[22m: Forbidden separators (| or -) found in titles in src\tool\normalDistribution\i18n\ko.ts:
  - "68-95-99.7 Û▓¢Ýùÿýáü Ù▓òý╣Ö"[39m
[36m [2mÔØ»[22m src/tests/title_quality.test.ts:[2m52:13[22m[39m
    [90m 50|[39m     [35mif[39m (findings[33m.[39mlength [33m>[39m [34m0[39m) {
    [90m 51|[39m       [35mconst[39m list [33m=[39m findings[33m.[39m[34mmap[39m((f) [33m=>[39m [32m`  - 
"[39m[36m${[39mf[36m}[39m[32m"`[39m)[33m.[39m[34mjoin[39m([32m'\n'[39m)[33m;[39m
    [90m 52|[39m       throw new Error(`Forbidden separators (| or -) found in titles iÔÇª
    [90m   |[39m             [31m^[39m
    [90m 53|[39m     }
    [90m 54|[39m   })[33m;[39m

[31m[2mÔÄ»ÔÄ»ÔÄ»ÔÄ»ÔÄ»ÔÄ»ÔÄ»ÔÄ»ÔÄ»ÔÄ»ÔÄ»ÔÄ»ÔÄ»ÔÄ»ÔÄ»ÔÄ»ÔÄ»ÔÄ»ÔÄ»ÔÄ»ÔÄ»ÔÄ»[26/38]ÔÄ»[22m[39m

[41m[1m FAIL [22m[49m src/tests/title_quality.test.ts[2m > [22mProject Titles - Separator Validation[2m > 
[22mVerify that titles in D:\code\jjlmoya-utils-statistics\src\tool\normalDistribution\i18n\nl.ts do not contain | or 
-
[31m[1mError[22m: Forbidden separators (| or -) found in titles in src\tool\normalDistribution\i18n\nl.ts:
  - "De empirische 68-95-99,7-regel"[39m
[36m [2mÔØ»[22m src/tests/title_quality.test.ts:[2m52:13[22m[39m
    [90m 50|[39m     [35mif[39m (findings[33m.[39mlength [33m>[39m [34m0[39m) {
    [90m 51|[39m       [35mconst[39m list [33m=[39m findings[33m.[39m[34mmap[39m((f) [33m=>[39m [32m`  - 
"[39m[36m${[39mf[36m}[39m[32m"`[39m)[33m.[39m[34mjoin[39m([32m'\n'[39m)[33m;[39m
    [90m 52|[39m       throw new Error(`Forbidden separators (| or -) found in titles iÔÇª
    [90m   |[39m             [31m^[39m
    [90m 53|[39m     }
    [90m 54|[39m   })[33m;[39m

[31m[2mÔÄ»ÔÄ»ÔÄ»ÔÄ»ÔÄ»ÔÄ»ÔÄ»ÔÄ»ÔÄ»ÔÄ»ÔÄ»ÔÄ»ÔÄ»ÔÄ»ÔÄ»ÔÄ»ÔÄ»ÔÄ»ÔÄ»ÔÄ»ÔÄ»ÔÄ»[27/38]ÔÄ»[22m[39m

[41m[1m FAIL [22m[49m src/tests/title_quality.test.ts[2m > [22mProject Titles - Separator Validation[2m > 
[22mVerify that titles in D:\code\jjlmoya-utils-statistics\src\tool\normalDistribution\i18n\pl.ts do not contain | or 
-
[31m[1mError[22m: Forbidden separators (| or -) found in titles in src\tool\normalDistribution\i18n\pl.ts:
  - "Regu┼éa empiryczna 68-95-99,7"[39m
[36m [2mÔØ»[22m src/tests/title_quality.test.ts:[2m52:13[22m[39m
    [90m 50|[39m     [35mif[39m (findings[33m.[39mlength [33m>[39m [34m0[39m) {
    [90m 51|[39m       [35mconst[39m list [33m=[39m findings[33m.[39m[34mmap[39m((f) [33m=>[39m [32m`  - 
"[39m[36m${[39mf[36m}[39m[32m"`[39m)[33m.[39m[34mjoin[39m([32m'\n'[39m)[33m;[39m
    [90m 52|[39m       throw new Error(`Forbidden separators (| or -) found in titles iÔÇª
    [90m   |[39m             [31m^[39m
    [90m 53|[39m     }
    [90m 54|[39m   })[33m;[39m

[31m[2mÔÄ»ÔÄ»ÔÄ»ÔÄ»ÔÄ»ÔÄ»ÔÄ»ÔÄ»ÔÄ»ÔÄ»ÔÄ»ÔÄ»ÔÄ»ÔÄ»ÔÄ»ÔÄ»ÔÄ»ÔÄ»ÔÄ»ÔÄ»ÔÄ»ÔÄ»[28/38]ÔÄ»[22m[39m

[41m[1m FAIL [22m[49m src/tests/title_quality.test.ts[2m > [22mProject Titles - Separator Validation[2m > 
[22mVerify that titles in D:\code\jjlmoya-utils-statistics\src\tool\normalDistribution\i18n\pt.ts do not contain | or 
-
[31m[1mError[22m: Forbidden separators (| or -) found in titles in src\tool\normalDistribution\i18n\pt.ts:
  - "A Regra Emp├¡rica 68-95-99,7"[39m
[36m [2mÔØ»[22m src/tests/title_quality.test.ts:[2m52:13[22m[39m
    [90m 50|[39m     [35mif[39m (findings[33m.[39mlength [33m>[39m [34m0[39m) {
    [90m 51|[39m       [35mconst[39m list [33m=[39m findings[33m.[39m[34mmap[39m((f) [33m=>[39m [32m`  - 
"[39m[36m${[39mf[36m}[39m[32m"`[39m)[33m.[39m[34mjoin[39m([32m'\n'[39m)[33m;[39m
    [90m 52|[39m       throw new Error(`Forbidden separators (| or -) found in titles iÔÇª
    [90m   |[39m             [31m^[39m
    [90m 53|[39m     }
    [90m 54|[39m   })[33m;[39m

[31m[2mÔÄ»ÔÄ»ÔÄ»ÔÄ»ÔÄ»ÔÄ»ÔÄ»ÔÄ»ÔÄ»ÔÄ»ÔÄ»ÔÄ»ÔÄ»ÔÄ»ÔÄ»ÔÄ»ÔÄ»ÔÄ»ÔÄ»ÔÄ»ÔÄ»ÔÄ»[29/38]ÔÄ»[22m[39m

[41m[1m FAIL [22m[49m src/tests/title_quality.test.ts[2m > [22mProject Titles - Separator Validation[2m > 
[22mVerify that titles in D:\code\jjlmoya-utils-statistics\src\tool\normalDistribution\i18n\ru.ts do not contain | or 
-
[31m[1mError[22m: Forbidden separators (| or -) found in titles in src\tool\normalDistribution\i18n\ru.ts:
  - "ð¡ð╝ð┐ð©ÐÇð©ÐçðÁÐüð║ð¥ðÁ ð┐ÐÇð░ð▓ð©ð╗ð¥ 68-95-99,7"[39m
[36m [2mÔØ»[22m src/tests/title_quality.test.ts:[2m52:13[22m[39m
    [90m 50|[39m     [35mif[39m (findings[33m.[39mlength [33m>[39m [34m0[39m) {
    [90m 51|[39m       [35mconst[39m list [33m=[39m findings[33m.[39m[34mmap[39m((f) [33m=>[39m [32m`  - 
"[39m[36m${[39mf[36m}[39m[32m"`[39m)[33m.[39m[34mjoin[39m([32m'\n'[39m)[33m;[39m
    [90m 52|[39m       throw new Error(`Forbidden separators (| or -) found in titles iÔÇª
    [90m   |[39m             [31m^[39m
    [90m 53|[39m     }
    [90m 54|[39m   })[33m;[39m

[31m[2mÔÄ»ÔÄ»ÔÄ»ÔÄ»ÔÄ»ÔÄ»ÔÄ»ÔÄ»ÔÄ»ÔÄ»ÔÄ»ÔÄ»ÔÄ»ÔÄ»ÔÄ»ÔÄ»ÔÄ»ÔÄ»ÔÄ»ÔÄ»ÔÄ»ÔÄ»[30/38]ÔÄ»[22m[39m

[41m[1m FAIL [22m[49m src/tests/title_quality.test.ts[2m > [22mProject Titles - Separator Validation[2m > 
[22mVerify that titles in D:\code\jjlmoya-utils-statistics\src\tool\normalDistribution\i18n\sv.ts do not contain | or 
-
[31m[1mError[22m: Forbidden separators (| or -) found in titles in src\tool\normalDistribution\i18n\sv.ts:
  - "Den empiriska 68-95-99,7-regeln"[39m
[36m [2mÔØ»[22m src/tests/title_quality.test.ts:[2m52:13[22m[39m
    [90m 50|[39m     [35mif[39m (findings[33m.[39mlength [33m>[39m [34m0[39m) {
    [90m 51|[39m       [35mconst[39m list [33m=[39m findings[33m.[39m[34mmap[39m((f) [33m=>[39m [32m`  - 
"[39m[36m${[39mf[36m}[39m[32m"`[39m)[33m.[39m[34mjoin[39m([32m'\n'[39m)[33m;[39m
    [90m 52|[39m       throw new Error(`Forbidden separators (| or -) found in titles iÔÇª
    [90m   |[39m             [31m^[39m
    [90m 53|[39m     }
    [90m 54|[39m   })[33m;[39m

[31m[2mÔÄ»ÔÄ»ÔÄ»ÔÄ»ÔÄ»ÔÄ»ÔÄ»ÔÄ»ÔÄ»ÔÄ»ÔÄ»ÔÄ»ÔÄ»ÔÄ»ÔÄ»ÔÄ»ÔÄ»ÔÄ»ÔÄ»ÔÄ»ÔÄ»ÔÄ»[31/38]ÔÄ»[22m[39m

[41m[1m FAIL [22m[49m src/tests/title_quality.test.ts[2m > [22mProject Titles - Separator Validation[2m > 
[22mVerify that titles in D:\code\jjlmoya-utils-statistics\src\tool\normalDistribution\i18n\tr.ts do not contain | or 
-
[31m[1mError[22m: Forbidden separators (| or -) found in titles in src\tool\normalDistribution\i18n\tr.ts:
  - "68-95-99,7 Ampirik Kural─▒"[39m
[36m [2mÔØ»[22m src/tests/title_quality.test.ts:[2m52:13[22m[39m
    [90m 50|[39m     [35mif[39m (findings[33m.[39mlength [33m>[39m [34m0[39m) {
    [90m 51|[39m       [35mconst[39m list [33m=[39m findings[33m.[39m[34mmap[39m((f) [33m=>[39m [32m`  - 
"[39m[36m${[39mf[36m}[39m[32m"`[39m)[33m.[39m[34mjoin[39m([32m'\n'[39m)[33m;[39m
    [90m 52|[39m       throw new Error(`Forbidden separators (| or -) found in titles iÔÇª
    [90m   |[39m             [31m^[39m
    [90m 53|[39m     }
    [90m 54|[39m   })[33m;[39m

[31m[2mÔÄ»ÔÄ»ÔÄ»ÔÄ»ÔÄ»ÔÄ»ÔÄ»ÔÄ»ÔÄ»ÔÄ»ÔÄ»ÔÄ»ÔÄ»ÔÄ»ÔÄ»ÔÄ»ÔÄ»ÔÄ»ÔÄ»ÔÄ»ÔÄ»ÔÄ»[32/38]ÔÄ»[22m[39m

[41m[1m FAIL [22m[49m src/tests/title_quality.test.ts[2m > [22mProject Titles - Separator Validation[2m > 
[22mVerify that titles in D:\code\jjlmoya-utils-statistics\src\tool\normalDistribution\i18n\zh.ts do not contain | or 
-
[31m[1mError[22m: Forbidden separators (| or -) found in titles in src\tool\normalDistribution\i18n\zh.ts:
  - "68-95-99.7 þ╗ÅÚ¬îµ│òÕêÖ"[39m
[36m [2mÔØ»[22m src/tests/title_quality.test.ts:[2m52:13[22m[39m
    [90m 50|[39m     [35mif[39m (findings[33m.[39mlength [33m>[39m [34m0[39m) {
    [90m 51|[39m       [35mconst[39m list [33m=[39m findings[33m.[39m[34mmap[39m((f) [33m=>[39m [32m`  - 
"[39m[36m${[39mf[36m}[39m[32m"`[39m)[33m.[39m[34mjoin[39m([32m'\n'[39m)[33m;[39m
    [90m 52|[39m       throw new Error(`Forbidden separators (| or -) found in titles iÔÇª
    [90m   |[39m             [31m^[39m
    [90m 53|[39m     }

    [90m 54|[39m   })[33m;[39m

[31m[2mÔÄ»ÔÄ»ÔÄ»ÔÄ»ÔÄ»ÔÄ»ÔÄ»ÔÄ»ÔÄ»ÔÄ»ÔÄ»ÔÄ»ÔÄ»ÔÄ»ÔÄ»ÔÄ»ÔÄ»ÔÄ»ÔÄ»ÔÄ»ÔÄ»ÔÄ»[33/38]ÔÄ»[22m[39m

[41m[1m FAIL [22m[49m src/tests/title_quality.test.ts[2m > [22mProject Titles - Separator Validation[2m > 
[22mVerify that titles in D:\code\jjlmoya-utils-statistics\src\tool\pearsonCorrelation\i18n\de.ts do not contain | or 
-
[31m[1mError[22m: Forbidden separators (| or -) found in titles in src\tool\pearsonCorrelation\i18n\de.ts:
  - "Pearson-Korrelationsrechner Online"
  - "Pearson-Korrelation"
  - "Spearman-Korrelation"
  - "Experten-Tipp"[39m
[36m [2mÔØ»[22m src/tests/title_quality.test.ts:[2m52:13[22m[39m
    [90m 50|[39m     [35mif[39m (findings[33m.[39mlength [33m>[39m [34m0[39m) {
    [90m 51|[39m       [35mconst[39m list [33m=[39m findings[33m.[39m[34mmap[39m((f) [33m=>[39m [32m`  - 
"[39m[36m${[39mf[36m}[39m[32m"`[39m)[33m.[39m[34mjoin[39m([32m'\n'[39m)[33m;[39m
    [90m 52|[39m       throw new Error(`Forbidden separators (| or -) found in titles iÔÇª
    [90m   |[39m             [31m^[39m
    [90m 53|[39m     }
[2m Test Files [22m [1m[31m3 failed[39m[22m[2m | [22m[1m[32m6 passed[39m[22m[90m (9)[39m
[2m      Tests [22m [1m[31m37 failed[39m[22m[2m | [22m[1m[32m448 passed[39m[22m[90m (485)[39m
[2m   Start at [22m 09:31:31
[2m   Duration [22m 3.06s[2m (transform 5.05s, setup 0ms, import 2.97s, tests 6.11s, environment 2ms)[22m

    [90m 54|[39m   })[33m;[39m

[31m[2mÔÄ»ÔÄ»ÔÄ»ÔÄ»ÔÄ»ÔÄ»ÔÄ»ÔÄ»ÔÄ»ÔÄ»ÔÄ»ÔÄ»ÔÄ»ÔÄ»ÔÄ»ÔÄ»ÔÄ»ÔÄ»ÔÄ»ÔÄ»ÔÄ»ÔÄ»[34/38]ÔÄ»[22m[39m

[41m[1m FAIL [22m[49m src/tests/title_quality.test.ts[2m > [22mProject Titles - Separator Validation[2m > 
[22mVerify that titles in D:\code\jjlmoya-utils-statistics\src\tool\pearsonCorrelation\i18n\nl.ts do not contain | or 
-
[31m[1mError[22m: Forbidden separators (| or -) found in titles in src\tool\pearsonCorrelation\i18n\nl.ts:
  - "Pearson-correlatiecalculator online"
  - "Pearson-correlatie"
  - "Spearman-correlatie"[39m
[36m [2mÔØ»[22m src/tests/title_quality.test.ts:[2m52:13[22m[39m
    [90m 50|[39m     [35mif[39m (findings[33m.[39mlength [33m>[39m [34m0[39m) {
    [90m 51|[39m       [35mconst[39m list [33m=[39m findings[33m.[39m[34mmap[39m((f) [33m=>[39m [32m`  - 
"[39m[36m${[39mf[36m}[39m[32m"`[39m)[33m.[39m[34mjoin[39m([32m'\n'[39m)[33m;[39m
    [90m 52|[39m       throw new Error(`Forbidden separators (| or -) found in titles iÔÇª
    [90m   |[39m             [31m^[39m
    [90m 53|[39m     }
    [90m 54|[39m   })[33m;[39m

[31m[2mÔÄ»ÔÄ»ÔÄ»ÔÄ»ÔÄ»ÔÄ»ÔÄ»ÔÄ»ÔÄ»ÔÄ»ÔÄ»ÔÄ»ÔÄ»ÔÄ»ÔÄ»ÔÄ»ÔÄ»ÔÄ»ÔÄ»ÔÄ»ÔÄ»ÔÄ»[35/38]ÔÄ»[22m[39m

[41m[1m FAIL [22m[49m src/tests/title_quality.test.ts[2m > [22mProject Titles - Separator Validation[2m > 
[22mVerify that titles in D:\code\jjlmoya-utils-statistics\src\tool\pearsonCorrelation\i18n\sv.ts do not contain | or 
-
[31m[1mError[22m: Forbidden separators (| or -) found in titles in src\tool\pearsonCorrelation\i18n\sv.ts:
  - "Kalkylator f├Âr Pearson-korrelation online"
  - "Pearson-korrelation"
  - "Spearman-korrelation"[39m
[36m [2mÔØ»[22m src/tests/title_quality.test.ts:[2m52:13[22m[39m
    [90m 50|[39m     [35mif[39m (findings[33m.[39mlength [33m>[39m [34m0[39m) {
    [90m 51|[39m       [35mconst[39m list [33m=[39m findings[33m.[39m[34mmap[39m((f) [33m=>[39m [32m`  - 
"[39m[36m${[39mf[36m}[39m[32m"`[39m)[33m.[39m[34mjoin[39m([32m'\n'[39m)[33m;[39m
    [90m 52|[39m       throw new Error(`Forbidden separators (| or -) found in titles iÔÇª
    [90m   |[39m             [31m^[39m
    [90m 53|[39m     }
    [90m 54|[39m   })[33m;[39m

[31m[2mÔÄ»ÔÄ»ÔÄ»ÔÄ»ÔÄ»ÔÄ»ÔÄ»ÔÄ»ÔÄ»ÔÄ»ÔÄ»ÔÄ»ÔÄ»ÔÄ»ÔÄ»ÔÄ»ÔÄ»ÔÄ»ÔÄ»ÔÄ»ÔÄ»ÔÄ»[36/38]ÔÄ»[22m[39m

[41m[1m FAIL [22m[49m src/tests/title_quality.test.ts[2m > [22mProject Titles - Separator Validation[2m > 
[22mVerify that titles in D:\code\jjlmoya-utils-statistics\src\category\i18n\de.ts do not contain | or -
[31m[1mError[22m: Forbidden separators (| or -) found in titles in src\category\i18n\de.ts:
  - "Statistik- und Wahrscheinlichkeits-Tools"[39m
[36m [2mÔØ»[22m src/tests/title_quality.test.ts:[2m52:13[22m[39m
    [90m 50|[39m     [35mif[39m (findings[33m.[39mlength [33m>[39m [34m0[39m) {
    [90m 51|[39m       [35mconst[39m list [33m=[39m findings[33m.[39m[34mmap[39m((f) [33m=>[39m [32m`  - 
"[39m[36m${[39mf[36m}[39m[32m"`[39m)[33m.[39m[34mjoin[39m([32m'\n'[39m)[33m;[39m
    [90m 52|[39m       throw new Error(`Forbidden separators (| or -) found in titles iÔÇª
    [90m   |[39m             [31m^[39m
    [90m 53|[39m     }
    [90m 54|[39m   })[33m;[39m

[31m[2mÔÄ»ÔÄ»ÔÄ»ÔÄ»ÔÄ»ÔÄ»ÔÄ»ÔÄ»ÔÄ»ÔÄ»ÔÄ»ÔÄ»ÔÄ»ÔÄ»ÔÄ»ÔÄ»ÔÄ»ÔÄ»ÔÄ»ÔÄ»ÔÄ»ÔÄ»[37/38]ÔÄ»[22m[39m

[41m[1m FAIL [22m[49m src/tests/title_quality.test.ts[2m > [22mProject Titles - Separator Validation[2m > 
[22mVerify that titles in D:\code\jjlmoya-utils-statistics\src\category\i18n\sv.ts do not contain | or -
[31m[1mError[22m: Forbidden separators (| or -) found in titles in src\category\i18n\sv.ts:
  - "Statistik- och sannolikhetsverktyg"[39m
[36m [2mÔØ»[22m src/tests/title_quality.test.ts:[2m52:13[22m[39m
    [90m 50|[39m     [35mif[39m (findings[33m.[39mlength [33m>[39m [34m0[39m) {
    [90m 51|[39m       [35mconst[39m list [33m=[39m findings[33m.[39m[34mmap[39m((f) [33m=>[39m [32m`  - 
"[39m[36m${[39mf[36m}[39m[32m"`[39m)[33m.[39m[34mjoin[39m([32m'\n'[39m)[33m;[39m
    [90m 52|[39m       throw new Error(`Forbidden separators (| or -) found in titles iÔÇª
    [90m   |[39m             [31m^[39m
    [90m 53|[39m     }
    [90m 54|[39m   })[33m;[39m

[31m[2mÔÄ»ÔÄ»ÔÄ»ÔÄ»ÔÄ»ÔÄ»ÔÄ»ÔÄ»ÔÄ»ÔÄ»ÔÄ»ÔÄ»ÔÄ»ÔÄ»ÔÄ»ÔÄ»ÔÄ»ÔÄ»ÔÄ»ÔÄ»ÔÄ»ÔÄ»[38/38]ÔÄ»[22m[39m

